---
source: parse/src/parser.rs
expression: ast
---
Description {
    builds: [
        Build {
            action: Command(
                "touch",
            ),
            inputs: [],
            implicit_inputs: [],
            order_inputs: [],
            outputs: [
                [
                    102,
                    111,
                    111,
                    46,
                    111,
                ],
            ],
        },
    ],
    defaults: None,
}
