---
source: parse/src/lib.rs
expression: ast
---
Description {
    rules: [
        Rule {
            name: [
                116,
                111,
                117,
                99,
                104,
            ],
            command: Expr(
                [
                    Literal(
                        [
                            116,
                            111,
                            117,
                            99,
                            104,
                        ],
                    ),
                ],
            ),
        },
    ],
    builds: [
        Build {
            rule: [
                116,
                111,
                117,
                99,
                104,
            ],
            inputs: [
                Expr(
                    [
                        Literal(
                            [
                                105,
                                110,
                                112,
                                49,
                            ],
                        ),
                    ],
                ),
                Expr(
                    [
                        Literal(
                            [
                                105,
                                110,
                                112,
                                50,
                            ],
                        ),
                    ],
                ),
            ],
            outputs: [
                Expr(
                    [
                        Literal(
                            [
                                102,
                                111,
                                111,
                                46,
                                111,
                            ],
                        ),
                    ],
                ),
                Expr(
                    [
                        Literal(
                            [
                                102,
                                111,
                                111,
                                46,
                                112,
                            ],
                        ),
                    ],
                ),
            ],
        },
        Build {
            rule: [
                116,
                111,
                117,
                99,
                104,
            ],
            inputs: [
                Expr(
                    [
                        Literal(
                            [
                                105,
                                110,
                                112,
                                51,
                            ],
                        ),
                    ],
                ),
            ],
            outputs: [
                Expr(
                    [
                        Literal(
                            [
                                98,
                                97,
                                114,
                                46,
                                111,
                            ],
                        ),
                    ],
                ),
            ],
        },
    ],
}
