---
source: parse/src/lib.rs
expression: ast
---
Description {
    rules: [
        Rule {
            name: [
                116,
                111,
                117,
                99,
                104,
            ],
            command: [
                116,
                111,
                117,
                99,
                104,
            ],
        },
    ],
    builds: [
        Build {
            rule: [
                116,
                111,
                117,
                99,
                104,
            ],
            inputs: [
                [
                    105,
                    110,
                    112,
                    49,
                ],
                [
                    105,
                    110,
                    112,
                    50,
                ],
            ],
            outputs: [
                [
                    102,
                    111,
                    111,
                    46,
                    111,
                ],
                [
                    102,
                    111,
                    111,
                    46,
                    112,
                ],
            ],
        },
    ],
}
