---
source: build/src/rebuilder.rs
expression: e
---
'phony_target_that_does_not_exist', needed by 'phony_user', missing and no known rule to make it
