---
source: parse/tests/parse_test.rs
expression: ast
input_file: parse/tests/parse_inputs/allow_nul.ninja
---
Description {
    builds: [],
    defaults: None,
}
