---
source: parse/tests/parse_test.rs
expression: ast
input_file: parse/tests/parse_inputs/var2.ninja
---
Description {
    builds: [],
}
