---
source: parse/tests/parse_test.rs
expression: e
input_file: parse/tests/parse_inputs/escape_lex_4.ninja
---
parse_inputs/escape_lex_4.ninja:2:21: Expected closing parentheses '}'
    command = bar${a missing paren
                    ^ near here
