---
source: parse/tests/parse_test.rs
expression: e
input_file: parse/tests/parse_inputs/build_with_no_outputs.ninja
---
parse_inputs/build_with_no_outputs.ninja:1:6: Expected at least one output for build
build: phony
     ^ near here
