---
source: parse/tests/parse_test.rs
expression: e
input_file: parse/tests/parse_inputs/escape_lex_6.ninja
---
parse_inputs/escape_lex_6.ninja:3:19: Unexpected EOF
    command = bar${
                  ^ near here
