---
source: parse/tests/parse_test.rs
expression: e
input_file: parse/tests/inputs/escape_lex_5.ninja
---
/home/nsmnikhil/ninja-rs/parse/tests/inputs/escape_lex_5.ninja:2:20: Expected identifier
    command = bar${}uh need some ident
                   ^ near here
