---
source: parse/tests/parse_test.rs
expression: e
input_file: parse/tests/parse_inputs/escape_lex_3.ninja
---
parse_inputs/escape_lex_3.ninja:2:20: Expected identifier
    command = bar${
                   ^ near here
